2026/09/17 01:21:30 [notice] 1#1: using the "epoll" event method
2026/09/17 01:21:30 [notice] 1#1: nginx/1.28.0
2026/09/17 01:21:30 [notice] 1#1: built by gcc 12.2.0 (Debian 12.2.0-14) 
2026/09/17 01:21:30 [notice] 1#1: OS: Linux 6.17.0-14-generic
2026/09/17 01:21:30 [notice] 1#1: getrlimit(RLIMIT_NOFILE): 1024:524288
2026/09/17 01:21:30 [notice] 1#1: start worker processes
2026/09/17 01:21:30 [notice] 1#1: start worker process 28
2026/09/17 01:21:30 [notice] 1#1: start worker process 29
2026/09/17 01:21:30 [notice] 1#1: start worker process 30
2026/09/17 01:21:30 [notice] 1#1: start worker process 31
2026/09/17 01:21:30 [notice] 1#1: start worker process 32
2026/09/17 01:21:30 [notice] 1#1: start worker process 33
2026/09/17 01:21:30 [notice] 1#1: start worker process 34
2026/09/17 01:21:30 [notice] 1#1: start worker process 35
2026/09/17 01:21:30 [notice] 1#1: start worker process 36
2026/09/17 01:21:30 [notice] 1#1: start worker process 37
2026/09/17 01:21:30 [notice] 1#1: start worker process 38
2026/09/17 01:21:30 [notice] 1#1: start worker process 39
2026/09/17 01:21:30 [notice] 1#1: start worker process 40
2026/09/17 01:21:30 [notice] 1#1: start worker process 41
2026/09/17 01:21:30 [notice] 1#1: start worker process 42
2026/09/17 01:21:30 [notice] 1#1: start worker process 43
